[sezaiakman75.wordpress.com/index.html]
[backblue.gif]
[fade.gif]
[index.html]
[s1.wp.com/wp-content/blog-plugins/marketing-bar/css/marketing-bar04ef.css]
[s0.wp.com/wp-content/plugins/gutenberg-core/v19.1.0/build/block-library/blocks/navigation/style1ab4.css]
[sezaiakman75.wordpress.com/feed/index.html]
[sezaiakman75.wordpress.com/comments/feed/index.html]
[s1.wp.com/_static/index0ace.html]
[sezaiakman75.wordpress.com/xmlrpc0db0.php]
[sezaiakman75.wordpress.com/osd.xml]
[s1.wp.com/opensearch.xml]
[s1.wp.com/wp-content/plugins/gutenberg-core/v19.1.0/build/interactivity/navigation.min7167.js]
[s0.wp.com/wp-content/plugins/gutenberg-core/v19.1.0/build/interactivity/index.min7167.js]
[sezaiakman75.wordpress.com/wp-content/uploads/2024/09/image76ca.png]
[sezaiakman75.wordpress.com/wp-content/uploads/2024/09/image9939.png]
[sezaiakman75.wordpress.com/wp-content/uploads/2024/09/imagead83.png]
[sezaiakman75.wordpress.com/wp-content/uploads/2024/09/image.png]
[sezaiakman75.wordpress.com/wp-content/uploads/2024/08/skyline-doha-qatar-edited.jpg]
[sezaiakman75.wordpress.com/sponsors/index.html]
[sezaiakman75.wordpress.com/gold-google-deepmind/index.html]
[sezaiakman75.wordpress.com/gold-sponsor-qcri/index.html]
[sezaiakman75.wordpress.com/registration/index.html]
[sezaiakman75.wordpress.com/about/index.html]
[0.gravatar.com/js/hovercards/hovercards.min79a8.js]
[sezaiakman75.wordpress.com/faq/index.html]
[sezaiakman75.wordpress.com/code-of-conduct/index.html]
[sezaiakman75.wordpress.com/privacy-policy/index.html]
[s2.wp.com/wp-content/mu-plugins/gravatar-hovercards/wpgrohoe8bd.js]
[sezaiakman75.wordpress.com/wp-content/uploads/2024/09/imageae05.png]
[s0.wp.com/wp-content/mu-plugins/actionbar/actionbar61e6.css]
[s0.wp.com/wp-content/mu-plugins/actionbar/actionbar4dc1.js]
[sezaiakman75.wordpress.com/wp-content/plugins/ie-sitemode/custom-jumplist.php]
[stats.wp.com/w735b.js]
[pixel.wp.com/b0b80.gif]
[sezaiakman75.wordpress.com/index.html]
[sezaiakman75.wordpress.com/wp-content/js/bilmur.min72d1.js]
[s1.wp.com/index.html]
[s2.wp.com/index.html]
[s0.wp.com/index.html]
[s1.wp.com/_static/indexd02a.html]
[s1.wp.com/_static/index0ace.html]
[sezaiakman75.wordpress.com/index5534.html]
[sezaiakman75.wordpress.com/index3204.html]
[sezaiakman75.wordpress.com/program/index.html]
[s0.wp.com/_static/indexe79c.html]
[sezaiakman75.wordpress.com/venue/index.html]
[sezaiakman75.wordpress.com/sponsors/index.html]
[s1.wp.com/wp-content/mu-plugins/comment-likes/js/comment-likes9835.js]
[public-api.wordpress.com/oembed/indexc5eb.html]
[public-api.wordpress.com/oembed/index6ced.html]
[s0.wp.com/wp-content/plugins/gutenberg-core/v19.1.0/build/block-library/blocks/image/style1ab4.css]
[s0.wp.com/_static/indexaa46.html]
[public-api.wordpress.com/oembed/indexf6a7.html]
[sezaiakman75.wordpress.com/wp-content/uploads/2024/08/qcri-cmyk-e1530695570128-1.jpg]
[public-api.wordpress.com/oembed/index03bb.html]
[sezaiakman75.wordpress.com/gold-sponsor-qcri/index.html]
[sezaiakman75.wordpress.com/gold-google-deepmind/index.html]
[public-api.wordpress.com/oembed/index6417.html]
[public-api.wordpress.com/oembed/indexad0a.html]
[sezaiakman75.wordpress.com/registration/index.html]
[sezaiakman75.wordpress.com/indexcdf1.html]
[public-api.wordpress.com/oembed/index7fb9.html]
[sezaiakman75.wordpress.com/application/index.html]
[public-api.wordpress.com/oembed/index744a.html]
[sezaiakman75.wordpress.com/about/index.html]
[public-api.wordpress.com/oembed/indexedbc.html]
[public-api.wordpress.com/oembed/index4e68.html]
[sezaiakman75.wordpress.com/faq/index.html]
[public-api.wordpress.com/oembed/index2b70.html]
[public-api.wordpress.com/oembed/index10ee.html]
[sezaiakman75.wordpress.com/about/feed/index.html]
[sezaiakman75.wordpress.com/code-of-conduct/index.html]
[public-api.wordpress.com/oembed/indexba3d.html]
[public-api.wordpress.com/oembed/index99b9.html]
[public-api.wordpress.com/oembed/index65c5.html]
[public-api.wordpress.com/oembed/indexda17.html]
[sezaiakman75.wordpress.com/privacy-policy/index.html]
[sezaiakman75.wordpress.com/program/index.html]
[public-api.wordpress.com/oembed/indexa148.html]
[public-api.wordpress.com/oembed/index0a7d.html]
[sezaiakman75.wordpress.com/venue/index.html]
[wordpress.com/index.html]
[public-api.wordpress.com/oembed/index82a3.html]
[public-api.wordpress.com/oembed/index4c10.html]
[s0.wp.com/_static/indexe79c.html]
[s0.wp.com/i/noticons/Noticons.svg]
[s0.wp.com/_static/indexaa46.html]
[sezaiakman75.wordpress.com/application/index.html]
[s1.wp.com/wp-content/plugins/gutenberg-core/v19.1.0/build/interactivity/navigation.min7167.js]
[sezaiakman75.wordpress.com/xmlrpc0db0.php]
[s1.wp.com/opensearch.xml]
[s1.wp.com/wp-content/blog-plugins/marketing-bar/images/wpcom-mark.svg]
[s0.wp.com/wp-content/plugins/gutenberg-core/v19.1.0/build/interactivity/index.min7167.js]
[sezaiakman75.wordpress.com/wp-content/uploads/2024/09/imagead83.png]
[s1.wp.com/wp-content/blog-plugins/marketing-bar/images/jp-app.svg]
[sezaiakman75.wordpress.com/wp-content/uploads/2024/09/image.png]
[sezaiakman75.wordpress.com/wp-content/uploads/2024/08/skyline-doha-qatar-edited.jpg]
[0.gravatar.com/js/hovercards/hovercards.min79a8.js]
[s1.wp.com/wp-content/blog-plugins/marketing-bar/css/marketing-bar04ef.css]
[sezaiakman75.wordpress.com/wp-content/js/bilmur.min72d1.js]
[public-api.wordpress.com/oembed/indexc5eb.html]
[public-api.wordpress.com/oembed/index6ced.html]
[s0.wp.com/wp-content/plugins/gutenberg-core/v19.1.0/build/block-library/blocks/navigation/style1ab4.css]
[public-api.wordpress.com/oembed/indexf6a7.html]
[public-api.wordpress.com/oembed/index03bb.html]
[public-api.wordpress.com/oembed/indexad0a.html]
[s2.wp.com/wp-content/themes/h4/globalf753.css]
[public-api.wordpress.com/oembed/index744a.html]
[public-api.wordpress.com/oembed/index6417.html]
[sezaiakman75.wordpress.com/index5534.html]
[public-api.wordpress.com/oembed/index7fb9.html]
[public-api.wordpress.com/oembed/indexedbc.html]
[sezaiakman75.wordpress.com/about/feed/index.html]
[s0.wp.com/wp-content/mu-plugins/actionbar/actionbar61e6.css]
[public-api.wordpress.com/oembed/index4e68.html]
[public-api.wordpress.com/oembed/index10ee.html]
[public-api.wordpress.com/oembed/index2b70.html]
[public-api.wordpress.com/oembed/indexba3d.html]
[public-api.wordpress.com/oembed/index99b9.html]
[public-api.wordpress.com/oembed/index65c5.html]
[public-api.wordpress.com/oembed/indexda17.html]
[public-api.wordpress.com/oembed/indexa148.html]
[public-api.wordpress.com/oembed/index0a7d.html]
[public-api.wordpress.com/oembed/index82a3.html]
[public-api.wordpress.com/oembed/index4c10.html]
[sezaiakman75.wordpress.com/program/index.html]
[wordpress.com/index.html]
[s0.wp.com/wp-content/plugins/gutenberg-core/v19.1.0/build/block-library/blocks/image/style1ab4.css]
[sezaiakman75.wordpress.com/wp-content/uploads/2024/08/qcri-cmyk-e1530695570128-1.jpg]
[sezaiakman75.wordpress.com/application/index.html]
[s0.wp.com/i/noticons/Noticons.svg]
[s1.wp.com/wp-content/blog-plugins/marketing-bar/images/wpcom-mark.svg]
[s1.wp.com/wp-content/blog-plugins/marketing-bar/images/jp-app.svg]
[s1.wp.com/wp-content/blog-plugins/marketing-bar/images/arrow.svg]
