[sezaiakman75.wordpress.com/index.html]
[backblue.gif]
[fade.gif]
[index.html]
[s1.wp.com/wp-content/blog-plugins/marketing-bar/css/marketing-bar04ef.css]
[sezaiakman75.wordpress.com/feed/index.html]
[s2.wp.com/wp-content/plugins/gutenberg-core/v19.0.0/build/block-library/blocks/navigation/style59dd.css]
[sezaiakman75.wordpress.com/comments/feed/index.html]
[s2.wp.com/wp-content/plugins/gutenberg-core/v19.0.0/build/block-library/blocks/image/style59dd.css]
[sezaiakman75.wordpress.com/xmlrpc0db0.php]
[s1.wp.com/_static/index51da.html]
[s1.wp.com/i/favicon.ico]
[s2.wp.com/i/webclip.png]
[sezaiakman75.wordpress.com/osd.xml]
[s1.wp.com/opensearch.xml]
[s1.wp.com/wp-includes/js/dist/vendor/wp-polyfill-importmap.min4859.js]
[s1.wp.com/wp-content/plugins/gutenberg-core/v19.0.0/build/interactivity/navigation.min7d74.js]
[s0.wp.com/wp-content/plugins/gutenberg-core/v19.0.0/build/interactivity/index.min7d74.js]
[sezaiakman75.wordpress.com/gold-sponsor-qcri/index.html]
[sezaiakman75.wordpress.com/registration/index.html]
[sezaiakman75.wordpress.com/application/index.html]
[sezaiakman75.wordpress.com/gold-google-deepmind/index.html]
[s2.wp.com/wp-content/themes/pub/twentytwentyfour/assets/images/building-exterior.webp]
[sezaiakman75.wordpress.com/faq/index.html]
[sezaiakman75.wordpress.com/about/index.html]
[sezaiakman75.wordpress.com/code-of-conduct/index.html]
[s2.wp.com/wp-content/themes/pub/twentytwentyfour/assets/images/tourist-and-building.webp]
[s2.wp.com/wp-content/themes/pub/twentytwentyfour/assets/images/windows.webp]
[sezaiakman75.wordpress.com/resources/index.html]
[0.gravatar.com/js/hovercards/hovercards.min76c4.js]
[sezaiakman75.wordpress.com/author/sezaiakman75/index.html]
[sezaiakman75.wordpress.com/category/uncategorized/index.html]
[sezaiakman75.wordpress.com/2024/08/21/hello-world/index.html]
[s2.wp.com/wp-content/mu-plugins/gravatar-hovercards/wpgrohoe8bd.js]
[s2.wp.com/i/logo/wpcom-gray-white.png]
[s0.wp.com/wp-content/mu-plugins/actionbar/actionbar61e6.css]
[s0.wp.com/wp-content/mu-plugins/actionbar/actionbar4dc1.js]
[sezaiakman75.wordpress.com/wp-content/plugins/ie-sitemode/custom-jumplist.php]
[stats.wp.com/w735b.js]
[pixel.wp.com/b0b80.gif]
[sezaiakman75.wordpress.com/index.html]
[sezaiakman75.wordpress.com/wp-content/js/bilmur.mina2a5.js]
[s1.wp.com/index.html]
[s2.wp.com/index.html]
[s0.wp.com/index.html]
[s1.wp.com/_static/indexd02a.html]
[s1.wp.com/_static/index51da.html]
[sezaiakman75.wordpress.com/index5534.html]
[sezaiakman75.wordpress.com/index3204.html]
[sezaiakman75.wordpress.com/indexcbbc.html]
[sezaiakman75.wordpress.com/program/index.html]
[s0.wp.com/_static/indexaa46.html]
[sezaiakman75.wordpress.com/venue/index.html]
[sezaiakman75.wordpress.com/sponsors/index.html]
[sezaiakman75.wordpress.com/wp-content/uploads/2024/08/qcri-cmyk-e1530695570128-1.jpg]
[s1.wp.com/_static/index6f20.html]
[public-api.wordpress.com/oembed/indexf6a7.html]
[public-api.wordpress.com/oembed/index03bb.html]
[sezaiakman75.wordpress.com/gold-sponsor-qcri/index.html]
[sezaiakman75.wordpress.com/gold-google-deepmind/index.html]
[s1.wp.com/wp-content/mu-plugins/comment-likes/js/comment-likes9835.js]
[public-api.wordpress.com/oembed/indexad0a.html]
[public-api.wordpress.com/oembed/index6417.html]
[sezaiakman75.wordpress.com/registration/index.html]
[public-api.wordpress.com/oembed/index744a.html]
[public-api.wordpress.com/oembed/index7fb9.html]
[public-api.wordpress.com/oembed/index29e0.html]
[sezaiakman75.wordpress.com/application/index.html]
[public-api.wordpress.com/oembed/index353b.html]
[public-api.wordpress.com/oembed/indexedbc.html]
[sezaiakman75.wordpress.com/about/feed/index.html]
[public-api.wordpress.com/oembed/index4e68.html]
[sezaiakman75.wordpress.com/about/index.html]
[sezaiakman75.wordpress.com/faq/index.html]
[public-api.wordpress.com/oembed/index10ee.html]
[public-api.wordpress.com/oembed/index2b70.html]
[sezaiakman75.wordpress.com/code-of-conduct/index.html]
[public-api.wordpress.com/oembed/indexba3d.html]
[public-api.wordpress.com/oembed/index99b9.html]
[sezaiakman75.wordpress.com/wp-content/uploads/2024/08/qcri-cmyk-e1530695570128350d.jpg]
[public-api.wordpress.com/oembed/indexc3af.html]
[public-api.wordpress.com/oembed/indexc8db.html]
[sezaiakman75.wordpress.com/wp-content/uploads/2024/08/copy-of-logitech-g-cloud-vs-razer-edge-5g2dff.jpg]
[sezaiakman75.wordpress.com/resources/index.html]
[s1.wp.com/wp-content/plugins/gutenberg-core/v19.0.0/build/block-library/common59dd.css]
[s0.wp.com/_static/index4420.html]
[sezaiakman75.wordpress.com/2024/08/21/hello-world/feed/index.html]
[s1.wp.com/wp-content/mu-plugins/jetpack-mu-wpcom-plugin/moon/vendor/automattic/jetpack-mu-wpcom/src/build/verbum-comments/verbum-commentsd698.css]
[widgets.wp.com/verbum-block-editor/block-editor421c.css]
[s2.wp.com/_static/indexc467.html]
[sezaiakman75.wordpress.com/2024/08/21/hello-world/index.html]
[public-api.wordpress.com/oembed/indexc06e.html]
[public-api.wordpress.com/oembed/index4310.html]
[sezaiakman75.wordpress.com/author/sezaiakman75/index.html]
[sezaiakman75.wordpress.com/author/sezaiakman75/feed/index.html]
[sezaiakman75.wordpress.com/category/uncategorized/index.html]
[sezaiakman75.wordpress.com/category/uncategorized/feed/index.html]
[sezaiakman75.wordpress.com/wp-content/uploads/2024/08/schedule2dff.png]
[sezaiakman75.wordpress.com/program/index.html]
[public-api.wordpress.com/oembed/index0a7d.html]
[public-api.wordpress.com/oembed/indexa148.html]
[sezaiakman75.wordpress.com/venue/index.html]
[public-api.wordpress.com/oembed/index4c10.html]
[public-api.wordpress.com/oembed/index82a3.html]
[sezaiakman75.wordpress.com/wp-content/uploads/2024/08/gdm-2795d.png]
[sezaiakman75.wordpress.com/wp-content/uploads/2024/08/qcri-cmyk-e1530695570128-1350d.jpg]
[public-api.wordpress.com/oembed/index6ced.html]
[public-api.wordpress.com/oembed/indexc5eb.html]
[sezaiakman75.wordpress.com/wp-content/uploads/2024/08/bitdefender_masterbrand_logo_positive-22dff.png]
[sezaiakman75.wordpress.com/wp-content/uploads/2024/08/google-12dff.png]
[sezaiakman75.wordpress.com/wp-content/uploads/2024/08/polyai-logo-slate-rgb-900px-w-72ppi-10456.png]
[sezaiakman75.wordpress.com/wp-content/uploads/2024/08/smartcat-12dff.png]
[sezaiakman75.wordpress.com/wp-content/uploads/2024/08/media-23d7b.png]
[sezaiakman75.wordpress.com/wp-content/uploads/2024/08/jane-12dff.png]
[sezaiakman75.wordpress.com/wp-content/uploads/2024/08/nephos2dff.png]
[sezaiakman75.wordpress.com/wp-content/uploads/2024/08/visagetechnologies1776.png]
[sezaiakman75.wordpress.com/wp-content/uploads/2024/08/crowdstrike2dff.png]
[sezaiakman75.wordpress.com/wp-content/uploads/2024/08/cascadee4eb.png]
[sezaiakman75.wordpress.com/wp-content/uploads/2024/08/credod6a0.jpg]
[sezaiakman75.wordpress.com/wp-content/uploads/2024/08/dunavnet2dff.png]
[sezaiakman75.wordpress.com/wp-content/uploads/2024/08/media-12dff.png]
[sezaiakman75.wordpress.com/wp-content/uploads/2024/08/genentechaf90.jpg]
[sezaiakman75.wordpress.com/wp-content/uploads/2024/08/noventiq_logo2dff.png]
[sezaiakman75.wordpress.com/sponsors/index.html]
[wordpress.com/index.html]
[s0.wp.com/_static/indexaa46.html]
[s1.wp.com/_static/index6f20.html]
[s1.wp.com/i/noticons/Noticons.svg]
[widgets.wp.com/index.html]
[s0.wp.com/_static/index4420.html]
[s2.wp.com/_static/indexc467.html]
[s1.wp.com/i/favicon.ico]
[s1.wp.com/wp-includes/js/dist/vendor/wp-polyfill-importmap.min4859.js]
[sezaiakman75.wordpress.com/xmlrpc0db0.php]
[s1.wp.com/opensearch.xml]
[s1.wp.com/wp-content/blog-plugins/marketing-bar/images/wpcom-mark.svg]
[s1.wp.com/wp-content/plugins/gutenberg-core/v19.0.0/build/interactivity/navigation.min7d74.js]
[s0.wp.com/wp-content/plugins/gutenberg-core/v19.0.0/build/interactivity/index.min7d74.js]
[s2.wp.com/wp-content/themes/pub/twentytwentyfour/assets/images/building-exterior.webp]
[s1.wp.com/wp-content/blog-plugins/marketing-bar/images/jp-app.svg]
[0.gravatar.com/js/hovercards/hovercards.min76c4.js]
[s2.wp.com/wp-content/themes/pub/twentytwentyfour/assets/images/windows.webp]
[s1.wp.com/wp-content/blog-plugins/marketing-bar/css/marketing-bar04ef.css]
[sezaiakman75.wordpress.com/wp-content/js/bilmur.mina2a5.js]
[public-api.wordpress.com/oembed/indexf6a7.html]
[public-api.wordpress.com/oembed/index03bb.html]
[s2.wp.com/wp-content/plugins/gutenberg-core/v19.0.0/build/block-library/blocks/navigation/style59dd.css]
[public-api.wordpress.com/oembed/indexad0a.html]
[s2.wp.com/wp-content/plugins/gutenberg-core/v19.0.0/build/block-library/blocks/image/style59dd.css]
[public-api.wordpress.com/oembed/index6417.html]
[s2.wp.com/wp-content/themes/h4/globalf753.css]
[public-api.wordpress.com/oembed/index744a.html]
[public-api.wordpress.com/oembed/index7fb9.html]
[sezaiakman75.wordpress.com/index5534.html]
[public-api.wordpress.com/oembed/index29e0.html]
[public-api.wordpress.com/oembed/index353b.html]
[sezaiakman75.wordpress.com/about/feed/index.html]
[public-api.wordpress.com/oembed/indexedbc.html]
[public-api.wordpress.com/oembed/index4e68.html]
[public-api.wordpress.com/oembed/index10ee.html]
[public-api.wordpress.com/oembed/index2b70.html]
[public-api.wordpress.com/oembed/indexba3d.html]
[public-api.wordpress.com/oembed/index99b9.html]
[public-api.wordpress.com/oembed/indexc3af.html]
[public-api.wordpress.com/oembed/indexc8db.html]
[sezaiakman75.wordpress.com/wp-content/uploads/2024/08/qcri-cmyk-e1530695570128-1.jpg]
[sezaiakman75.wordpress.com/2024/08/21/hello-world/feed/index.html]
[public-api.wordpress.com/oembed/indexc06e.html]
[public-api.wordpress.com/oembed/index4310.html]
[sezaiakman75.wordpress.com/author/sezaiakman75/feed/index.html]
[sezaiakman75.wordpress.com/category/uncategorized/feed/index.html]
[s2.wp.com/wp-content/themes/pub/twentytwentyfour/assets/images/tourist-and-building.webp]
[public-api.wordpress.com/oembed/indexa148.html]
[s2.wp.com/wp-content/themes/pub/twentytwentyfour/assets/images/tourist-and-building.webp]
[public-api.wordpress.com/oembed/index0a7d.html]
[sezaiakman75.wordpress.com/wp-content/uploads/2024/08/qcri-cmyk-e1530695570128350d.jpg]
[public-api.wordpress.com/oembed/index82a3.html]
[sezaiakman75.wordpress.com/wp-content/uploads/2024/08/copy-of-logitech-g-cloud-vs-razer-edge-5g2dff.jpg]
[sezaiakman75.wordpress.com/wp-content/uploads/2024/08/schedule2dff.png]
[public-api.wordpress.com/oembed/index4c10.html]
[sezaiakman75.wordpress.com/2024/08/21/hello-world/index.html]
[public-api.wordpress.com/oembed/indexc5eb.html]
[public-api.wordpress.com/oembed/index6ced.html]
[s0.wp.com/wp-content/mu-plugins/actionbar/actionbar61e6.css]
[sezaiakman75.wordpress.com/wp-content/uploads/2024/08/qcri-cmyk-e1530695570128-1350d.jpg]
[sezaiakman75.wordpress.com/wp-content/uploads/2024/08/bitdefender_masterbrand_logo_positive-22dff.png]
[sezaiakman75.wordpress.com/wp-content/uploads/2024/08/smartcat-12dff.png]
[sezaiakman75.wordpress.com/wp-content/uploads/2024/08/google-12dff.png]
[sezaiakman75.wordpress.com/wp-content/uploads/2024/08/jane-12dff.png]
[sezaiakman75.wordpress.com/wp-content/uploads/2024/08/nephos2dff.png]
[sezaiakman75.wordpress.com/wp-content/uploads/2024/08/visagetechnologies1776.png]
[sezaiakman75.wordpress.com/program/index.html]
[sezaiakman75.wordpress.com/wp-content/uploads/2024/08/crowdstrike2dff.png]
[wordpress.com/index.html]
[sezaiakman75.wordpress.com/wp-content/uploads/2024/08/cascadee4eb.png]
[sezaiakman75.wordpress.com/wp-content/uploads/2024/08/credod6a0.jpg]
[sezaiakman75.wordpress.com/wp-content/uploads/2024/08/dunavnet2dff.png]
[s0.wp.com/wp-content/blog-plugins/marketing-bar/images/wpcom-mark.svg]
[sezaiakman75.wordpress.com/wp-content/uploads/2024/08/media-12dff.png]
[sezaiakman75.wordpress.com/wp-content/uploads/2024/08/genentechaf90.jpg]
[sezaiakman75.wordpress.com/wp-content/uploads/2024/08/noventiq_logo2dff.png]
[s0.wp.com/wp-content/blog-plugins/marketing-bar/images/jp-app.svg]
[s0.wp.com/_static/index4420.html]
[s1.wp.com/wp-content/plugins/gutenberg-core/v19.0.0/build/block-library/common59dd.css]
[s0.wp.com/i/loading/dark-200.gif]
[s1.wp.com/wp-content/mu-plugins/jetpack-mu-wpcom-plugin/moon/vendor/automattic/jetpack-mu-wpcom/src/build/verbum-comments/verbum-commentsd698.css]
[widgets.wp.com/verbum-block-editor/block-editor421c.css]
[s1.wp.com/i/noticons/Noticons.svg]
[s1.wp.com/wp-content/blog-plugins/marketing-bar/images/wpcom-mark.svg]
[s1.wp.com/wp-content/blog-plugins/marketing-bar/images/jp-app.svg]
[s1.wp.com/wp-content/blog-plugins/marketing-bar/images/arrow.svg]
[s0.wp.com/wp-content/blog-plugins/marketing-bar/images/wpcom-mark.svg]
[s0.wp.com/wp-content/blog-plugins/marketing-bar/images/jp-app.svg]
[s0.wp.com/wp-content/blog-plugins/marketing-bar/images/arrow.svg]
